// Jest Snapshot v1, https://goo.gl/fbAQLP

exports[`SplashScreen matches the snapshot 1`] = `
<View
  style={
    {
      "alignItems": "center",
      "backgroundColor": "#f3f6f8",
      "flex": 1,
      "justifyContent": "center",
    }
  }
>
  <LottieView
    autoPlay={true}
    loop={true}
    source={
      {
        "assets": [],
        "ddd": 0,
        "fr": 24,
        "h": 160,
        "ip": 0,
        "layers": [
          {
            "ao": 0,
            "bm": 0,
            "ddd": 0,
            "ind": 0,
            "ip": 0,
            "ks": {
              "a": {
                "k": [
                  -76.375,
                  -2.875,
                  0,
                ],
              },
              "o": {
                "k": [
                  {
                    "e": [
                      30,
                    ],
                    "i": {
                      "x": [
                        0.833,
                      ],
                      "y": [
                        0.833,
                      ],
                    },
                    "n": [
                      "0p833_0p833_0p333_0",
                    ],
                    "o": {
                      "x": [
                        0.333,
                      ],
                      "y": [
                        0,
                      ],
                    },
                    "s": [
                      100,
                    ],
                    "t": 8,
                  },
                  {
                    "e": [
                      100,
                    ],
                    "i": {
                      "x": [
                        0.833,
                      ],
                      "y": [
                        0.833,
                      ],
                    },
                    "n": [
                      "0p833_0p833_0p333_0",
                    ],
                    "o": {
                      "x": [
                        0.333,
                      ],
                      "y": [
                        0,
                      ],
                    },
                    "s": [
                      30,
                    ],
                    "t": 24,
                  },
                  {
                    "t": 40,
                  },
                ],
              },
              "p": {
                "k": [
                  187.875,
                  77.125,
                  0,
                ],
              },
              "r": {
                "k": 0,
              },
              "s": {
                "k": [
                  {
                    "e": [
                      200,
                      200,
                      100,
                    ],
                    "i": {
                      "x": [
                        0.833,
                        0.833,
                        0.833,
                      ],
                      "y": [
                        0.833,
                        0.833,
                        0.833,
                      ],
                    },
                    "n": [
                      "0p833_0p833_0p333_0",
                      "0p833_0p833_0p333_0",
                      "0p833_0p833_0p333_0p333",
                    ],
                    "o": {
                      "x": [
                        0.333,
                        0.333,
                        0.333,
                      ],
                      "y": [
                        0,
                        0,
                        0.333,
                      ],
                    },
                    "s": [
                      100,
                      100,
                      100,
                    ],
                    "t": 8,
                  },
                  {
                    "e": [
                      100,
                      100,
                      100,
                    ],
                    "i": {
                      "x": [
                        0.833,
                        0.833,
                        0.833,
                      ],
                      "y": [
                        0.833,
                        0.833,
                        0.833,
                      ],
                    },
                    "n": [
                      "0p833_0p833_0p333_0",
                      "0p833_0p833_0p333_0",
                      "0p833_0p833_0p333_0p333",
                    ],
                    "o": {
                      "x": [
                        0.333,
                        0.333,
                        0.333,
                      ],
                      "y": [
                        0,
                        0,
                        0.333,
                      ],
                    },
                    "s": [
                      200,
                      200,
                      100,
                    ],
                    "t": 24,
                  },
                  {
                    "t": 40,
                  },
                ],
              },
            },
            "nm": "å½¢ç¶å¾å± 5",
            "op": 40,
            "shapes": [
              {
                "it": [
                  {
                    "d": 1,
                    "mn": "ADBE Vector Shape - Ellipse",
                    "nm": "æ¤­åè·¯å¾ 1",
                    "p": {
                      "k": [
                        0,
                        0,
                      ],
                    },
                    "s": {
                      "k": [
                        18,
                        18,
                      ],
                    },
                    "ty": "el",
                  },
                  {
                    "c": {
                      "k": [
                        1,
                        1,
                        1,
                        1,
                      ],
                    },
                    "lc": 1,
                    "lj": 1,
                    "ml": 4,
                    "mn": "ADBE Vector Graphic - Stroke",
                    "nm": "æè¾¹ 1",
                    "o": {
                      "k": 100,
                    },
                    "ty": "st",
                    "w": {
                      "k": 0,
                    },
                  },
                  {
                    "c": {
                      "k": [
                        0.87,
                        0.42,
                        0.56,
                        1,
                      ],
                    },
                    "mn": "ADBE Vector Graphic - Fill",
                    "nm": "å¡«å 1",
                    "o": {
                      "k": 100,
                    },
                    "ty": "fl",
                  },
                  {
                    "a": {
                      "ix": 1,
                      "k": [
                        0,
                        0,
                      ],
                    },
                    "nm": "åæ¢",
                    "o": {
                      "ix": 7,
                      "k": 100,
                    },
                    "p": {
                      "ix": 2,
                      "k": [
                        -76.482,
                        -3.482,
                      ],
                    },
                    "r": {
                      "ix": 6,
                      "k": 0,
                    },
                    "s": {
                      "ix": 3,
                      "k": [
                        100,
                        100,
                      ],
                    },
                    "sa": {
                      "ix": 5,
                      "k": 0,
                    },
                    "sk": {
                      "ix": 4,
                      "k": 0,
                    },
                    "ty": "tr",
                  },
                ],
                "mn": "ADBE Vector Group",
                "nm": "æ¤­å 1",
                "np": 3,
                "ty": "gr",
              },
            ],
            "sr": 1,
            "st": 0,
            "ty": 4,
          },
          {
            "ao": 0,
            "bm": 0,
            "ddd": 0,
            "ind": 1,
            "ip": 0,
            "ks": {
              "a": {
                "k": [
                  -76.375,
                  -2.875,
                  0,
                ],
              },
              "o": {
                "k": [
                  {
                    "e": [
                      30,
                    ],
                    "i": {
                      "x": [
                        0.833,
                      ],
                      "y": [
                        0.833,
                      ],
                    },
                    "n": [
                      "0p833_0p833_0p333_0",
                    ],
                    "o": {
                      "x": [
                        0.333,
                      ],
                      "y": [
                        0,
                      ],
                    },
                    "s": [
                      100,
                    ],
                    "t": 6,
                  },
                  {
                    "e": [
                      100,
                    ],
                    "i": {
                      "x": [
                        0.833,
                      ],
                      "y": [
                        0.833,
                      ],
                    },
                    "n": [
                      "0p833_0p833_0p333_0",
                    ],
                    "o": {
                      "x": [
                        0.333,
                      ],
                      "y": [
                        0,
                      ],
                    },
                    "s": [
                      30,
                    ],
                    "t": 22,
                  },
                  {
                    "t": 36,
                  },
                ],
              },
              "p": {
                "k": [
                  162.125,
                  76.625,
                  0,
                ],
              },
              "r": {
                "k": 0,
              },
              "s": {
                "k": [
                  {
                    "e": [
                      200,
                      200,
                      100,
                    ],
                    "i": {
                      "x": [
                        0.833,
                        0.833,
                        0.833,
                      ],
                      "y": [
                        0.833,
                        0.833,
                        0.833,
                      ],
                    },
                    "n": [
                      "0p833_0p833_0p333_0",
                      "0p833_0p833_0p333_0",
                      "0p833_0p833_0p333_0p333",
                    ],
                    "o": {
                      "x": [
                        0.333,
                        0.333,
                        0.333,
                      ],
                      "y": [
                        0,
                        0,
                        0.333,
                      ],
                    },
                    "s": [
                      100,
                      100,
                      100,
                    ],
                    "t": 6,
                  },
                  {
                    "e": [
                      100,
                      100,
                      100,
                    ],
                    "i": {
                      "x": [
                        0.833,
                        0.833,
                        0.833,
                      ],
                      "y": [
                        0.833,
                        0.833,
                        0.833,
                      ],
                    },
                    "n": [
                      "0p833_0p833_0p333_0",
                      "0p833_0p833_0p333_0",
                      "0p833_0p833_0p333_0p333",
                    ],
                    "o": {
                      "x": [
                        0.333,
                        0.333,
                        0.333,
                      ],
                      "y": [
                        0,
                        0,
                        0.333,
                      ],
                    },
                    "s": [
                      200,
                      200,
                      100,
                    ],
                    "t": 22,
                  },
                  {
                    "t": 36,
                  },
                ],
              },
            },
            "nm": "å½¢ç¶å¾å± 4",
            "op": 40,
            "shapes": [
              {
                "it": [
                  {
                    "d": 1,
                    "mn": "ADBE Vector Shape - Ellipse",
                    "nm": "æ¤­åè·¯å¾ 1",
                    "p": {
                      "k": [
                        0,
                        0,
                      ],
                    },
                    "s": {
                      "k": [
                        18,
                        18,
                      ],
                    },
                    "ty": "el",
                  },
                  {
                    "c": {
                      "k": [
                        1,
                        1,
                        1,
                        1,
                      ],
                    },
                    "lc": 1,
                    "lj": 1,
                    "ml": 4,
                    "mn": "ADBE Vector Graphic - Stroke",
                    "nm": "æè¾¹ 1",
                    "o": {
                      "k": 100,
                    },
                    "ty": "st",
                    "w": {
                      "k": 0,
                    },
                  },
                  {
                    "c": {
                      "k": [
                        0.81,
                        0.55,
                        0.82,
                        1,
                      ],
                    },
                    "mn": "ADBE Vector Graphic - Fill",
                    "nm": "å¡«å 1",
                    "o": {
                      "k": 100,
                    },
                    "ty": "fl",
                  },
                  {
                    "a": {
                      "ix": 1,
                      "k": [
                        0,
                        0,
                      ],
                    },
                    "nm": "åæ¢",
                    "o": {
                      "ix": 7,
                      "k": 100,
                    },
                    "p": {
                      "ix": 2,
                      "k": [
                        -76.482,
                        -3.482,
                      ],
                    },
                    "r": {
                      "ix": 6,
                      "k": 0,
                    },
                    "s": {
                      "ix": 3,
                      "k": [
                        100,
                        100,
                      ],
                    },
                    "sa": {
                      "ix": 5,
                      "k": 0,
                    },
                    "sk": {
                      "ix": 4,
                      "k": 0,
                    },
                    "ty": "tr",
                  },
                ],
                "mn": "ADBE Vector Group",
                "nm": "æ¤­å 1",
                "np": 3,
                "ty": "gr",
              },
            ],
            "sr": 1,
            "st": 0,
            "ty": 4,
          },
          {
            "ao": 0,
            "bm": 0,
            "ddd": 0,
            "ind": 2,
            "ip": 0,
            "ks": {
              "a": {
                "k": [
                  -76.375,
                  -2.875,
                  0,
                ],
              },
              "o": {
                "k": [
                  {
                    "e": [
                      30,
                    ],
                    "i": {
                      "x": [
                        0.833,
                      ],
                      "y": [
                        0.833,
                      ],
                    },
                    "n": [
                      "0p833_0p833_0p333_0",
                    ],
                    "o": {
                      "x": [
                        0.333,
                      ],
                      "y": [
                        0,
                      ],
                    },
                    "s": [
                      100,
                    ],
                    "t": 4,
                  },
                  {
                    "e": [
                      100,
                    ],
                    "i": {
                      "x": [
                        0.833,
                      ],
                      "y": [
                        0.833,
                      ],
                    },
                    "n": [
                      "0p833_0p833_0p333_0",
                    ],
                    "o": {
                      "x": [
                        0.333,
                      ],
                      "y": [
                        0,
                      ],
                    },
                    "s": [
                      30,
                    ],
                    "t": 20,
                  },
                  {
                    "t": 32,
                  },
                ],
              },
              "p": {
                "k": [
                  135.625,
                  76.625,
                  0,
                ],
              },
              "r": {
                "k": 0,
              },
              "s": {
                "k": [
                  {
                    "e": [
                      200,
                      200,
                      100,
                    ],
                    "i": {
                      "x": [
                        0.833,
                        0.833,
                        0.833,
                      ],
                      "y": [
                        0.833,
                        0.833,
                        0.833,
                      ],
                    },
                    "n": [
                      "0p833_0p833_0p333_0",
                      "0p833_0p833_0p333_0",
                      "0p833_0p833_0p333_0p333",
                    ],
                    "o": {
                      "x": [
                        0.333,
                        0.333,
                        0.333,
                      ],
                      "y": [
                        0,
                        0,
                        0.333,
                      ],
                    },
                    "s": [
                      100,
                      100,
                      100,
                    ],
                    "t": 4,
                  },
                  {
                    "e": [
                      100,
                      100,
                      100,
                    ],
                    "i": {
                      "x": [
                        0.833,
                        0.833,
                        0.833,
                      ],
                      "y": [
                        0.833,
                        0.833,
                        0.833,
                      ],
                    },
                    "n": [
                      "0p833_0p833_0p333_0",
                      "0p833_0p833_0p333_0",
                      "0p833_0p833_0p333_0p333",
                    ],
                    "o": {
                      "x": [
                        0.333,
                        0.333,
                        0.333,
                      ],
                      "y": [
                        0,
                        0,
                        0.333,
                      ],
                    },
                    "s": [
                      200,
                      200,
                      100,
                    ],
                    "t": 20,
                  },
                  {
                    "t": 32,
                  },
                ],
              },
            },
            "nm": "å½¢ç¶å¾å± 3",
            "op": 40,
            "shapes": [
              {
                "it": [
                  {
                    "d": 1,
                    "mn": "ADBE Vector Shape - Ellipse",
                    "nm": "æ¤­åè·¯å¾ 1",
                    "p": {
                      "k": [
                        0,
                        0,
                      ],
                    },
                    "s": {
                      "k": [
                        18,
                        18,
                      ],
                    },
                    "ty": "el",
                  },
                  {
                    "c": {
                      "k": [
                        1,
                        1,
                        1,
                        1,
                      ],
                    },
                    "lc": 1,
                    "lj": 1,
                    "ml": 4,
                    "mn": "ADBE Vector Graphic - Stroke",
                    "nm": "æè¾¹ 1",
                    "o": {
                      "k": 100,
                    },
                    "ty": "st",
                    "w": {
                      "k": 0,
                    },
                  },
                  {
                    "c": {
                      "k": [
                        0.47,
                        0.31,
                        0.62,
                        1,
                      ],
                    },
                    "mn": "ADBE Vector Graphic - Fill",
                    "nm": "å¡«å 1",
                    "o": {
                      "k": 100,
                    },
                    "ty": "fl",
                  },
                  {
                    "a": {
                      "ix": 1,
                      "k": [
                        0,
                        0,
                      ],
                    },
                    "nm": "åæ¢",
                    "o": {
                      "ix": 7,
                      "k": 100,
                    },
                    "p": {
                      "ix": 2,
                      "k": [
                        -76.482,
                        -3.482,
                      ],
                    },
                    "r": {
                      "ix": 6,
                      "k": 0,
                    },
                    "s": {
                      "ix": 3,
                      "k": [
                        100,
                        100,
                      ],
                    },
                    "sa": {
                      "ix": 5,
                      "k": 0,
                    },
                    "sk": {
                      "ix": 4,
                      "k": 0,
                    },
                    "ty": "tr",
                  },
                ],
                "mn": "ADBE Vector Group",
                "nm": "æ¤­å 1",
                "np": 3,
                "ty": "gr",
              },
            ],
            "sr": 1,
            "st": 0,
            "ty": 4,
          },
          {
            "ao": 0,
            "bm": 0,
            "ddd": 0,
            "ind": 3,
            "ip": 0,
            "ks": {
              "a": {
                "k": [
                  -76.625,
                  -3.125,
                  0,
                ],
              },
              "o": {
                "k": [
                  {
                    "e": [
                      30,
                    ],
                    "i": {
                      "x": [
                        0.833,
                      ],
                      "y": [
                        0.833,
                      ],
                    },
                    "n": [
                      "0p833_0p833_0p333_0",
                    ],
                    "o": {
                      "x": [
                        0.333,
                      ],
                      "y": [
                        0,
                      ],
                    },
                    "s": [
                      100,
                    ],
                    "t": 2,
                  },
                  {
                    "e": [
                      100,
                    ],
                    "i": {
                      "x": [
                        0.833,
                      ],
                      "y": [
                        0.833,
                      ],
                    },
                    "n": [
                      "0p833_0p833_0p333_0",
                    ],
                    "o": {
                      "x": [
                        0.333,
                      ],
                      "y": [
                        0,
                      ],
                    },
                    "s": [
                      30,
                    ],
                    "t": 16,
                  },
                  {
                    "t": 28,
                  },
                ],
              },
              "p": {
                "k": [
                  109.375,
                  76.625,
                  0,
                ],
              },
              "r": {
                "k": 0,
              },
              "s": {
                "k": [
                  {
                    "e": [
                      200,
                      200,
                      100,
                    ],
                    "i": {
                      "x": [
                        0.833,
                        0.833,
                        0.833,
                      ],
                      "y": [
                        0.833,
                        0.833,
                        0.833,
                      ],
                    },
                    "n": [
                      "0p833_0p833_0p333_0",
                      "0p833_0p833_0p333_0",
                      "0p833_0p833_0p333_0p333",
                    ],
                    "o": {
                      "x": [
                        0.333,
                        0.333,
                        0.333,
                      ],
                      "y": [
                        0,
                        0,
                        0.333,
                      ],
                    },
                    "s": [
                      100,
                      100,
                      100,
                    ],
                    "t": 2,
                  },
                  {
                    "e": [
                      100,
                      100,
                      100,
                    ],
                    "i": {
                      "x": [
                        0.833,
                        0.833,
                        0.833,
                      ],
                      "y": [
                        0.833,
                        0.833,
                        0.833,
                      ],
                    },
                    "n": [
                      "0p833_0p833_0p333_0",
                      "0p833_0p833_0p333_0",
                      "0p833_0p833_0p333_0p333",
                    ],
                    "o": {
                      "x": [
                        0.333,
                        0.333,
                        0.333,
                      ],
                      "y": [
                        0,
                        0,
                        0.333,
                      ],
                    },
                    "s": [
                      200,
                      200,
                      100,
                    ],
                    "t": 16,
                  },
                  {
                    "t": 28,
                  },
                ],
              },
            },
            "nm": "å½¢ç¶å¾å± 2",
            "op": 40,
            "shapes": [
              {
                "it": [
                  {
                    "d": 1,
                    "mn": "ADBE Vector Shape - Ellipse",
                    "nm": "æ¤­åè·¯å¾ 1",
                    "p": {
                      "k": [
                        0,
                        0,
                      ],
                    },
                    "s": {
                      "k": [
                        18,
                        18,
                      ],
                    },
                    "ty": "el",
                  },
                  {
                    "c": {
                      "k": [
                        1,
                        1,
                        1,
                        1,
                      ],
                    },
                    "lc": 1,
                    "lj": 1,
                    "ml": 4,
                    "mn": "ADBE Vector Graphic - Stroke",
                    "nm": "æè¾¹ 1",
                    "o": {
                      "k": 100,
                    },
                    "ty": "st",
                    "w": {
                      "k": 0,
                    },
                  },
                  {
                    "c": {
                      "k": [
                        0.54,
                        0.81,
                        0.89,
                        1,
                      ],
                    },
                    "mn": "ADBE Vector Graphic - Fill",
                    "nm": "å¡«å 1",
                    "o": {
                      "k": 100,
                    },
                    "ty": "fl",
                  },
                  {
                    "a": {
                      "ix": 1,
                      "k": [
                        0,
                        0,
                      ],
                    },
                    "nm": "åæ¢",
                    "o": {
                      "ix": 7,
                      "k": 100,
                    },
                    "p": {
                      "ix": 2,
                      "k": [
                        -76.482,
                        -3.482,
                      ],
                    },
                    "r": {
                      "ix": 6,
                      "k": 0,
                    },
                    "s": {
                      "ix": 3,
                      "k": [
                        100,
                        100,
                      ],
                    },
                    "sa": {
                      "ix": 5,
                      "k": 0,
                    },
                    "sk": {
                      "ix": 4,
                      "k": 0,
                    },
                    "ty": "tr",
                  },
                ],
                "mn": "ADBE Vector Group",
                "nm": "æ¤­å 1",
                "np": 3,
                "ty": "gr",
              },
            ],
            "sr": 1,
            "st": 0,
            "ty": 4,
          },
          {
            "ao": 0,
            "bm": 0,
            "ddd": 0,
            "ind": 4,
            "ip": 0,
            "ks": {
              "a": {
                "k": [
                  -76.625,
                  -3.375,
                  0,
                ],
              },
              "o": {
                "k": [
                  {
                    "e": [
                      30,
                    ],
                    "i": {
                      "x": [
                        0.833,
                      ],
                      "y": [
                        0.833,
                      ],
                    },
                    "n": [
                      "0p833_0p833_0p333_0",
                    ],
                    "o": {
                      "x": [
                        0.333,
                      ],
                      "y": [
                        0,
                      ],
                    },
                    "s": [
                      100,
                    ],
                    "t": 0,
                  },
                  {
                    "e": [
                      100,
                    ],
                    "i": {
                      "x": [
                        0.833,
                      ],
                      "y": [
                        0.833,
                      ],
                    },
                    "n": [
                      "0p833_0p833_0p333_0",
                    ],
                    "o": {
                      "x": [
                        0.333,
                      ],
                      "y": [
                        0,
                      ],
                    },
                    "s": [
                      30,
                    ],
                    "t": 12,
                  },
                  {
                    "t": 24,
                  },
                ],
              },
              "p": {
                "k": [
                  82.625,
                  76.625,
                  0,
                ],
              },
              "r": {
                "k": 0,
              },
              "s": {
                "k": [
                  {
                    "e": [
                      200,
                      200,
                      100,
                    ],
                    "i": {
                      "x": [
                        0.833,
                        0.833,
                        0.833,
                      ],
                      "y": [
                        0.833,
                        0.833,
                        0.833,
                      ],
                    },
                    "n": [
                      "0p833_0p833_0p333_0",
                      "0p833_0p833_0p333_0",
                      "0p833_0p833_0p333_0p333",
                    ],
                    "o": {
                      "x": [
                        0.333,
                        0.333,
                        0.333,
                      ],
                      "y": [
                        0,
                        0,
                        0.333,
                      ],
                    },
                    "s": [
                      100,
                      100,
                      100,
                    ],
                    "t": 0,
                  },
                  {
                    "e": [
                      100,
                      100,
                      100,
                    ],
                    "i": {
                      "x": [
                        0.833,
                        0.833,
                        0.833,
                      ],
                      "y": [
                        0.833,
                        0.833,
                        0.833,
                      ],
                    },
                    "n": [
                      "0p833_0p833_0p333_0",
                      "0p833_0p833_0p333_0",
                      "0p833_0p833_0p333_0p333",
                    ],
                    "o": {
                      "x": [
                        0.333,
                        0.333,
                        0.333,
                      ],
                      "y": [
                        0,
                        0,
                        0.333,
                      ],
                    },
                    "s": [
                      200,
                      200,
                      100,
                    ],
                    "t": 12,
                  },
                  {
                    "t": 24,
                  },
                ],
              },
            },
            "nm": "å½¢ç¶å¾å± 1",
            "op": 40,
            "shapes": [
              {
                "it": [
                  {
                    "d": 1,
                    "mn": "ADBE Vector Shape - Ellipse",
                    "nm": "æ¤­åè·¯å¾ 1",
                    "p": {
                      "k": [
                        0,
                        0,
                      ],
                    },
                    "s": {
                      "k": [
                        18,
                        18,
                      ],
                    },
                    "ty": "el",
                  },
                  {
                    "c": {
                      "k": [
                        1,
                        1,
                        1,
                        1,
                      ],
                    },
                    "lc": 1,
                    "lj": 1,
                    "ml": 4,
                    "mn": "ADBE Vector Graphic - Stroke",
                    "nm": "æè¾¹ 1",
                    "o": {
                      "k": 100,
                    },
                    "ty": "st",
                    "w": {
                      "k": 0,
                    },
                  },
                  {
                    "c": {
                      "k": [
                        0.34,
                        0.45,
                        0.78,
                        1,
                      ],
                    },
                    "mn": "ADBE Vector Graphic - Fill",
                    "nm": "å¡«å 1",
                    "o": {
                      "k": 100,
                    },
                    "ty": "fl",
                  },
                  {
                    "a": {
                      "ix": 1,
                      "k": [
                        0,
                        0,
                      ],
                    },
                    "nm": "åæ¢",
                    "o": {
                      "ix": 7,
                      "k": 100,
                    },
                    "p": {
                      "ix": 2,
                      "k": [
                        -76.482,
                        -3.482,
                      ],
                    },
                    "r": {
                      "ix": 6,
                      "k": 0,
                    },
                    "s": {
                      "ix": 3,
                      "k": [
                        100,
                        100,
                      ],
                    },
                    "sa": {
                      "ix": 5,
                      "k": 0,
                    },
                    "sk": {
                      "ix": 4,
                      "k": 0,
                    },
                    "ty": "tr",
                  },
                ],
                "mn": "ADBE Vector Group",
                "nm": "æ¤­å 1",
                "np": 3,
                "ty": "gr",
              },
            ],
            "sr": 1,
            "st": 0,
            "ty": 4,
          },
        ],
        "op": 40,
        "v": "4.5.4",
        "w": 280,
      }
    }
    style={
      {
        "height": 200,
        "width": 200,
      }
    }
    testID="LottieView"
  />
</View>
`;
